// Jest Snapshot v1, https://goo.gl/fbAQLP

exports[`Button should render an empty button 1`] = `
Array [
  <div
    className="submit-wrapper"
  >
    <div
      className="submit-wrapper-relative"
    >
      <button
        className="button"
        type="button"
      >
        test
      </button>
    </div>
  </div>,
]
`;
